<html>
<body>
<pre>
<h1>µVision Build Log</h1>
<h2>Tool Versions:</h2>
IDE-Version: ¦ÌVision V5.28.0.0
Copyright (C) 2019 ARM Ltd and ARM Germany GmbH. All rights reserved.
License Information: 111 ºúÍ©, HP Inc., LIC=URMW3-ABI4N-BG27D-87CLM-1LV20-TECN4
 
Tool Versions:
Toolchain:       DK-ARM Developers Kit  Version: 5.28.0.0
Toolchain Path:  D:\keil\ARM\ARMCC\Bin
C Compiler:      Armcc.exe V5.06 update 6 (build 750)
Assembler:       Armasm.exe V5.06 update 6 (build 750)
Linker/Locator:  ArmLink.exe V5.06 update 6 (build 750)
Library Manager: ArmAr.exe V5.06 update 6 (build 750)
Hex Converter:   FromElf.exe V5.06 update 6 (build 750)
CPU DLL:         SARMCM3.DLL V5.28.0.0
Dialog DLL:      DCM.DLL V1.17.3.0
Target DLL:      Segger\JL2CM3.dll V2.99.36.0
Dialog DLL:      TCM.DLL V1.36.2.0
 
<h2>Project:</h2>
D:\model\chargestrategy\Template.uvprojx
Project File Date:  07/17/2023

<h2>Output:</h2>
*** Using Compiler 'V5.06 update 6 (build 750)', folder: 'D:\keil\ARM\ARMCC\Bin'
Rebuild target 'Target 1'
assembling startup_stm32f10x_hd.s...
compiling stm32f10x_iwdg.c...
compiling stm32f10x_it.c...
compiling stm32f10x_wwdg.c...
compiling stm32f10x_rcc.c...
compiling stm32f10x_exti.c...
compiling misc.c...
compiling stm32f10x_gpio.c...
compiling stm32f10x_usart.c...
compiling stm32f10x_bkp.c...
compiling stm32f10x_tim.c...
compiling main.c...
User\main.c(133): warning:  #1-D: last line of file ends without a newline
  	}
User\main.c(48): warning:  #177-D: variable "tbuf"  was declared but never referenced
  	u8 tbuf[8];
User\main.c(53): warning:  #177-D: variable "bms357Msg"  was declared but never referenced
  	struct e3_bms_357_t bms357Msg;
User\main.c(54): warning:  #177-D: variable "bms358Msg"  was declared but never referenced
  	struct e3_bms_358_t bms358Msg;
User\main.c(55): warning:  #177-D: variable "bms104Msg"  was declared but never referenced
  	struct e3_bms_104_t bms104Msg;
User\main.c: 5 warnings, 0 errors
compiling core_cm3.c...
compiling stm32f10x_pwr.c...
compiling stm32f10x_adc.c...
compiling stm32f10x_rtc.c...
compiling stm32f10x_dma.c...
compiling stm32f10x_dac.c...
compiling led.c...
compiling stm32f10x_can.c...
compiling system_stm32f10x.c...
compiling key.c...
compiling can.c...
compiling v2.c...
compiling stateflowmodel_data.c...
compiling ert_main.c...
compiling stateflowmodel.c...
compiling e3.c...
compiling system.c...
compiling timer.c...
compiling SysTick.c...
compiling usart.c...
linking...
Program Size: Code=5000 RO-data=356 RW-data=52 ZI-data=1348  
FromELF: creating hex file...
".\Obj\Template.axf" - 0 Error(s), 5 Warning(s).

<h2>Software Packages used:</h2>

Package Vendor: Keil
                http://www.keil.com/pack/Keil.STM32F1xx_DFP.1.0.5.pack
                Keil.STM32F1xx_DFP.1.0.5
                STMicroelectronics STM32F1 Series Device Support, Drivers and Examples

<h2>Collection of Component include folders:</h2>
  .\RTE\_Target_1
  D:\keil\Keil\STM32F1xx_DFP\1.0.5\Device\Include

<h2>Collection of Component Files used:</h2>
Build Time Elapsed:  00:00:02
</pre>
</body>
</html>
